#Packing pin usage report
Type: io
	Input Pin Usage:
		Max: 1.00 (1.00)
		Avg: 0.46 (0.46)
		Min: 0.00 (0.00)
		Histogram:
		[        0:      0.1) 19 ( 54.3%) |************************************************
		[      0.1:      0.2)  0 (  0.0%) |
		[      0.2:      0.3)  0 (  0.0%) |
		[      0.3:      0.4)  0 (  0.0%) |
		[      0.4:      0.5)  0 (  0.0%) |
		[      0.5:      0.6)  0 (  0.0%) |
		[      0.6:      0.7)  0 (  0.0%) |
		[      0.7:      0.8)  0 (  0.0%) |
		[      0.8:      0.9)  0 (  0.0%) |
		[      0.9:        1) 16 ( 45.7%) |****************************************
	Output Pin Usage:
		Max: 1.00 (1.00)
		Avg: 0.54 (0.54)
		Min: 0.00 (0.00)
		Histogram:
		[        0:      0.1) 16 ( 45.7%) |****************************************
		[      0.1:      0.2)  0 (  0.0%) |
		[      0.2:      0.3)  0 (  0.0%) |
		[      0.3:      0.4)  0 (  0.0%) |
		[      0.4:      0.5)  0 (  0.0%) |
		[      0.5:      0.6)  0 (  0.0%) |
		[      0.6:      0.7)  0 (  0.0%) |
		[      0.7:      0.8)  0 (  0.0%) |
		[      0.8:      0.9)  0 (  0.0%) |
		[      0.9:        1) 19 ( 54.3%) |************************************************

Type: clb
	Input Pin Usage:
		Max: 27.00 (0.66)
		Avg: 16.81 (0.41)
		Min: 3.00 (0.07)
		Histogram:
		[        0:      4.1) 1 (  4.8%) |*****
		[      4.1:      8.2) 2 (  9.5%) |**********
		[      8.2:       12) 0 (  0.0%) |
		[       12:       16) 4 ( 19.0%) |********************
		[       16:       20) 10 ( 47.6%) |*************************************************
		[       20:       25) 2 (  9.5%) |**********
		[       25:       29) 2 (  9.5%) |**********
		[       29:       33) 0 (  0.0%) |
		[       33:       37) 0 (  0.0%) |
		[       37:       41) 0 (  0.0%) |
	Output Pin Usage:
		Max: 10.00 (0.50)
		Avg: 8.19 (0.41)
		Min: 1.00 (0.05)
		Histogram:
		[        0:        2)  1 (  4.8%) |****
		[        2:        4)  1 (  4.8%) |****
		[        4:        6)  1 (  4.8%) |****
		[        6:        8)  5 ( 23.8%) |******************
		[        8:       10) 13 ( 61.9%) |************************************************
		[       10:       12)  0 (  0.0%) |
		[       12:       14)  0 (  0.0%) |
		[       14:       16)  0 (  0.0%) |
		[       16:       18)  0 (  0.0%) |
		[       18:       20)  0 (  0.0%) |

